// Validating benchmarks:
// ***** BenchmarkRunner: Start   *****
// ***** Found 10 benchmark(s) in total *****
// ***** Building 1 exe(s) in Parallel: Start   *****
// start dotnet  restore /p:UseSharedCompilation=false /p:BuildInParallel=false /m:1 /p:Deterministic=true /p:Optimize=true /p:ArtifactsPath="/home/ryang/nexus-app/benchmarks/NexusMods.Benchmarks/bin/Release/net9.0/NexusMods.Benchmarks-DefaultJob-1/" /p:OutDir="/home/ryang/nexus-app/benchmarks/NexusMods.Benchmarks/bin/Release/net9.0/NexusMods.Benchmarks-DefaultJob-1/bin/Release/net9.0/" /p:OutputPath="/home/ryang/nexus-app/benchmarks/NexusMods.Benchmarks/bin/Release/net9.0/NexusMods.Benchmarks-DefaultJob-1/bin/Release/net9.0/" /p:PublishDir="/home/ryang/nexus-app/benchmarks/NexusMods.Benchmarks/bin/Release/net9.0/NexusMods.Benchmarks-DefaultJob-1/publish/" in /home/ryang/nexus-app/benchmarks/NexusMods.Benchmarks/bin/Release/net9.0/NexusMods.Benchmarks-DefaultJob-1
// command took 1.42 sec and exited with 0
// start dotnet  build -c Release --no-restore /p:UseSharedCompilation=false /p:BuildInParallel=false /m:1 /p:Deterministic=true /p:Optimize=true /p:ArtifactsPath="/home/ryang/nexus-app/benchmarks/NexusMods.Benchmarks/bin/Release/net9.0/NexusMods.Benchmarks-DefaultJob-1/" /p:OutDir="/home/ryang/nexus-app/benchmarks/NexusMods.Benchmarks/bin/Release/net9.0/NexusMods.Benchmarks-DefaultJob-1/bin/Release/net9.0/" /p:OutputPath="/home/ryang/nexus-app/benchmarks/NexusMods.Benchmarks/bin/Release/net9.0/NexusMods.Benchmarks-DefaultJob-1/bin/Release/net9.0/" /p:PublishDir="/home/ryang/nexus-app/benchmarks/NexusMods.Benchmarks/bin/Release/net9.0/NexusMods.Benchmarks-DefaultJob-1/publish/" --output "/home/ryang/nexus-app/benchmarks/NexusMods.Benchmarks/bin/Release/net9.0/NexusMods.Benchmarks-DefaultJob-1/bin/Release/net9.0/" in /home/ryang/nexus-app/benchmarks/NexusMods.Benchmarks/bin/Release/net9.0/NexusMods.Benchmarks-DefaultJob-1
// command took 90.44 sec and exited with 0
// ***** Done, took 00:01:31 (91.93 sec)   *****
// Found 10 benchmarks:
//   Sorting.Sort_Original: DefaultJob [NumItems=100]
//   Sorting.Sort_Kahn: DefaultJob [NumItems=100]
//   Sorting.Sort_Original: DefaultJob [NumItems=1000]
//   Sorting.Sort_Kahn: DefaultJob [NumItems=1000]
//   Sorting.Sort_Original: DefaultJob [NumItems=2000]
//   Sorting.Sort_Kahn: DefaultJob [NumItems=2000]
//   Sorting.Sort_Original: DefaultJob [NumItems=5000]
//   Sorting.Sort_Kahn: DefaultJob [NumItems=5000]
//   Sorting.Sort_Original: DefaultJob [NumItems=10000]
//   Sorting.Sort_Kahn: DefaultJob [NumItems=10000]

// **************************
// Benchmark: Sorting.Sort_Original: DefaultJob [NumItems=100]
// *** Execute ***
// Launch: 1 / 1
// Execute: dotnet NexusMods.Benchmarks-DefaultJob-1.dll --anonymousPipes 155 156 --benchmarkName "NexusMods.Benchmarks.Benchmarks.Sorting.Sort_Original(NumItems: 100)" --job Default --benchmarkId 0 in /home/ryang/nexus-app/benchmarks/NexusMods.Benchmarks/bin/Release/net9.0/NexusMods.Benchmarks-DefaultJob-1/bin/Release/net9.0
// Failed to set up high priority (Permission denied). In order to run benchmarks with high priority, make sure you have the right permissions.
// BeforeAnythingElse

// Benchmark Process Environment Information:
// BenchmarkDotNet v0.15.2
// Runtime=.NET 9.0.11 (9.0.1125.51716), X64 RyuJIT AVX-512F+CD+BW+DQ+VL+VBMI
// GC=Concurrent Workstation
// HardwareIntrinsics=AVX-512F+CD+BW+DQ+VL+VBMI,AES,BMI1,BMI2,FMA,LZCNT,PCLMUL,POPCNT,AvxVnni VectorSize=256
// Job: DefaultJob

OverheadJitting  1: 1 op, 159215.00 ns, 159.2150 us/op
WorkloadJitting  1: 1 op, 9758349.00 ns, 9.7583 ms/op

OverheadJitting  2: 16 op, 382093.00 ns, 23.8808 us/op
WorkloadJitting  2: 16 op, 13051062.00 ns, 815.6914 us/op

WorkloadPilot    1: 16 op, 7213770.00 ns, 450.8606 us/op
WorkloadPilot    2: 32 op, 13699936.00 ns, 428.1230 us/op
WorkloadPilot    3: 64 op, 31421672.00 ns, 490.9636 us/op
WorkloadPilot    4: 128 op, 54875920.00 ns, 428.7181 us/op
WorkloadPilot    5: 256 op, 122639498.00 ns, 479.0605 us/op
WorkloadPilot    6: 512 op, 242460271.00 ns, 473.5552 us/op
WorkloadPilot    7: 1024 op, 234018135.00 ns, 228.5333 us/op
WorkloadPilot    8: 2048 op, 452879049.00 ns, 221.1323 us/op
WorkloadPilot    9: 4096 op, 914732042.00 ns, 223.3233 us/op

OverheadWarmup   1: 4096 op, 9367.00 ns, 2.2869 ns/op
OverheadWarmup   2: 4096 op, 8105.00 ns, 1.9788 ns/op
OverheadWarmup   3: 4096 op, 8096.00 ns, 1.9766 ns/op
OverheadWarmup   4: 4096 op, 8026.00 ns, 1.9595 ns/op
OverheadWarmup   5: 4096 op, 8156.00 ns, 1.9912 ns/op
OverheadWarmup   6: 4096 op, 8045.00 ns, 1.9641 ns/op
OverheadWarmup   7: 4096 op, 8135.00 ns, 1.9861 ns/op
OverheadWarmup   8: 4096 op, 7965.00 ns, 1.9446 ns/op

OverheadActual   1: 4096 op, 8336.00 ns, 2.0352 ns/op
OverheadActual   2: 4096 op, 8416.00 ns, 2.0547 ns/op
OverheadActual   3: 4096 op, 11031.00 ns, 2.6931 ns/op
OverheadActual   4: 4096 op, 9848.00 ns, 2.4043 ns/op
OverheadActual   5: 4096 op, 10119.00 ns, 2.4705 ns/op
OverheadActual   6: 4096 op, 9759.00 ns, 2.3826 ns/op
OverheadActual   7: 4096 op, 12353.00 ns, 3.0159 ns/op
OverheadActual   8: 4096 op, 9378.00 ns, 2.2896 ns/op
OverheadActual   9: 4096 op, 9859.00 ns, 2.4070 ns/op
OverheadActual  10: 4096 op, 9208.00 ns, 2.2480 ns/op
OverheadActual  11: 4096 op, 8026.00 ns, 1.9595 ns/op
OverheadActual  12: 4096 op, 8005.00 ns, 1.9543 ns/op
OverheadActual  13: 4096 op, 8005.00 ns, 1.9543 ns/op
OverheadActual  14: 4096 op, 10480.00 ns, 2.5586 ns/op
OverheadActual  15: 4096 op, 8056.00 ns, 1.9668 ns/op
OverheadActual  16: 4096 op, 8076.00 ns, 1.9717 ns/op
OverheadActual  17: 4096 op, 7965.00 ns, 1.9446 ns/op
OverheadActual  18: 4096 op, 13376.00 ns, 3.2656 ns/op
OverheadActual  19: 4096 op, 8176.00 ns, 1.9961 ns/op
OverheadActual  20: 4096 op, 8467.00 ns, 2.0671 ns/op

OverheadWarmup   1: 4096 op, 8376.00 ns, 2.0449 ns/op
OverheadWarmup   2: 4096 op, 8326.00 ns, 2.0327 ns/op
OverheadWarmup   3: 4096 op, 8156.00 ns, 1.9912 ns/op
OverheadWarmup   4: 4096 op, 8376.00 ns, 2.0449 ns/op
OverheadWarmup   5: 4096 op, 8577.00 ns, 2.0940 ns/op
OverheadWarmup   6: 4096 op, 8115.00 ns, 1.9812 ns/op
OverheadWarmup   7: 4096 op, 8105.00 ns, 1.9788 ns/op
OverheadWarmup   8: 4096 op, 8446.00 ns, 2.0620 ns/op
OverheadWarmup   9: 4096 op, 13525.00 ns, 3.3020 ns/op
OverheadWarmup  10: 4096 op, 13125.00 ns, 3.2043 ns/op

// BeforeActualRun
WorkloadActual   1: 4096 op, 874686482.00 ns, 213.5465 us/op
WorkloadActual   2: 4096 op, 890080622.00 ns, 217.3048 us/op
WorkloadActual   3: 4096 op, 860574209.00 ns, 210.1011 us/op
WorkloadActual   4: 4096 op, 918656361.00 ns, 224.2813 us/op
WorkloadActual   5: 4096 op, 896563481.00 ns, 218.8876 us/op
WorkloadActual   6: 4096 op, 905218993.00 ns, 221.0007 us/op
WorkloadActual   7: 4096 op, 938309690.00 ns, 229.0795 us/op
WorkloadActual   8: 4096 op, 872052690.00 ns, 212.9035 us/op
WorkloadActual   9: 4096 op, 847805530.00 ns, 206.9838 us/op
WorkloadActual  10: 4096 op, 861193435.00 ns, 210.2523 us/op
WorkloadActual  11: 4096 op, 864161632.00 ns, 210.9770 us/op
WorkloadActual  12: 4096 op, 875844047.00 ns, 213.8291 us/op
WorkloadActual  13: 4096 op, 847603531.00 ns, 206.9345 us/op
WorkloadActual  14: 4096 op, 875466606.00 ns, 213.7370 us/op
WorkloadActual  15: 4096 op, 872222344.00 ns, 212.9449 us/op
WorkloadActual  16: 4096 op, 870859177.00 ns, 212.6121 us/op
WorkloadActual  17: 4096 op, 885911181.00 ns, 216.2869 us/op
WorkloadActual  18: 4096 op, 883428568.00 ns, 215.6808 us/op
WorkloadActual  19: 4096 op, 871686203.00 ns, 212.8140 us/op

// AfterActualRun
WorkloadResult   1: 4096 op, 874677644.50 ns, 213.5443 us/op
WorkloadResult   2: 4096 op, 890071784.50 ns, 217.3027 us/op
WorkloadResult   3: 4096 op, 860565371.50 ns, 210.0990 us/op
WorkloadResult   4: 4096 op, 918647523.50 ns, 224.2792 us/op
WorkloadResult   5: 4096 op, 896554643.50 ns, 218.8854 us/op
WorkloadResult   6: 4096 op, 905210155.50 ns, 220.9986 us/op
WorkloadResult   7: 4096 op, 872043852.50 ns, 212.9013 us/op
WorkloadResult   8: 4096 op, 847796692.50 ns, 206.9816 us/op
WorkloadResult   9: 4096 op, 861184597.50 ns, 210.2501 us/op
WorkloadResult  10: 4096 op, 864152794.50 ns, 210.9748 us/op
WorkloadResult  11: 4096 op, 875835209.50 ns, 213.8270 us/op
WorkloadResult  12: 4096 op, 847594693.50 ns, 206.9323 us/op
WorkloadResult  13: 4096 op, 875457768.50 ns, 213.7348 us/op
WorkloadResult  14: 4096 op, 872213506.50 ns, 212.9428 us/op
WorkloadResult  15: 4096 op, 870850339.50 ns, 212.6099 us/op
WorkloadResult  16: 4096 op, 885902343.50 ns, 216.2848 us/op
WorkloadResult  17: 4096 op, 883419730.50 ns, 215.6786 us/op
WorkloadResult  18: 4096 op, 871677365.50 ns, 212.8119 us/op
// GC:  13 1 0 642414512 4096
// Threading:  46187 391 4096

// AfterAll
// Benchmark Process 795237 has exited with code 0.

Mean = 213.947 μs, StdErr = 1.056 μs (0.49%), N = 18, StdDev = 4.479 μs
Min = 206.932 μs, Q1 = 211.384 μs, Median = 213.244 μs, Q3 = 216.133 μs, Max = 224.279 μs
IQR = 4.750 μs, LowerFence = 204.259 μs, UpperFence = 223.258 μs
ConfidenceInterval = [209.761 μs; 218.132 μs] (CI 99.9%), Margin = 4.186 μs (1.96% of Mean)
Skewness = 0.5, Kurtosis = 2.75, MValue = 2

// ** Remained 9 (90.0%) benchmark(s) to run. Estimated finish 2026-01-01 1:18 (0h 2m from now) **
// **************************
// Benchmark: Sorting.Sort_Kahn: DefaultJob [NumItems=100]
// *** Execute ***
// Launch: 1 / 1
// Execute: dotnet NexusMods.Benchmarks-DefaultJob-1.dll --anonymousPipes 155 156 --benchmarkName "NexusMods.Benchmarks.Benchmarks.Sorting.Sort_Kahn(NumItems: 100)" --job Default --benchmarkId 1 in /home/ryang/nexus-app/benchmarks/NexusMods.Benchmarks/bin/Release/net9.0/NexusMods.Benchmarks-DefaultJob-1/bin/Release/net9.0
// Failed to set up high priority (Permission denied). In order to run benchmarks with high priority, make sure you have the right permissions.
// BeforeAnythingElse

// Benchmark Process Environment Information:
// BenchmarkDotNet v0.15.2
// Runtime=.NET 9.0.11 (9.0.1125.51716), X64 RyuJIT AVX-512F+CD+BW+DQ+VL+VBMI
// GC=Concurrent Workstation
// HardwareIntrinsics=AVX-512F+CD+BW+DQ+VL+VBMI,AES,BMI1,BMI2,FMA,LZCNT,PCLMUL,POPCNT,AvxVnni VectorSize=256
// Job: DefaultJob

OverheadJitting  1: 1 op, 161690.00 ns, 161.6900 us/op
WorkloadJitting  1: 1 op, 1704097.00 ns, 1.7041 ms/op

OverheadJitting  2: 16 op, 362254.00 ns, 22.6409 us/op
WorkloadJitting  2: 16 op, 1812134.00 ns, 113.2584 us/op

WorkloadPilot    1: 16 op, 311888.00 ns, 19.4930 us/op
WorkloadPilot    2: 32 op, 599910.00 ns, 18.7472 us/op
WorkloadPilot    3: 64 op, 1509895.00 ns, 23.5921 us/op
WorkloadPilot    4: 128 op, 2802893.00 ns, 21.8976 us/op
WorkloadPilot    5: 256 op, 5460398.00 ns, 21.3297 us/op
WorkloadPilot    6: 512 op, 10292783.00 ns, 20.1031 us/op
WorkloadPilot    7: 1024 op, 20682822.00 ns, 20.1981 us/op
WorkloadPilot    8: 2048 op, 38753937.00 ns, 18.9228 us/op
WorkloadPilot    9: 4096 op, 69767935.00 ns, 17.0332 us/op
WorkloadPilot   10: 8192 op, 57870416.00 ns, 7.0643 us/op
WorkloadPilot   11: 16384 op, 114873339.00 ns, 7.0113 us/op
WorkloadPilot   12: 32768 op, 229657055.00 ns, 7.0086 us/op
WorkloadPilot   13: 65536 op, 453615586.00 ns, 6.9216 us/op
WorkloadPilot   14: 131072 op, 912921918.00 ns, 6.9650 us/op

OverheadWarmup   1: 131072 op, 284265.00 ns, 2.1688 ns/op
OverheadWarmup   2: 131072 op, 251963.00 ns, 1.9223 ns/op
OverheadWarmup   3: 131072 op, 251422.00 ns, 1.9182 ns/op
OverheadWarmup   4: 131072 op, 255920.00 ns, 1.9525 ns/op
OverheadWarmup   5: 131072 op, 251562.00 ns, 1.9193 ns/op
OverheadWarmup   6: 131072 op, 254197.00 ns, 1.9394 ns/op
OverheadWarmup   7: 131072 op, 251092.00 ns, 1.9157 ns/op

OverheadActual   1: 131072 op, 260309.00 ns, 1.9860 ns/op
OverheadActual   2: 131072 op, 251973.00 ns, 1.9224 ns/op
OverheadActual   3: 131072 op, 256953.00 ns, 1.9604 ns/op
OverheadActual   4: 131072 op, 253927.00 ns, 1.9373 ns/op
OverheadActual   5: 131072 op, 252204.00 ns, 1.9242 ns/op
OverheadActual   6: 131072 op, 254478.00 ns, 1.9415 ns/op
OverheadActual   7: 131072 op, 251813.00 ns, 1.9212 ns/op
OverheadActual   8: 131072 op, 251732.00 ns, 1.9206 ns/op
OverheadActual   9: 131072 op, 254358.00 ns, 1.9406 ns/op
OverheadActual  10: 131072 op, 258285.00 ns, 1.9706 ns/op
OverheadActual  11: 131072 op, 262292.00 ns, 2.0011 ns/op
OverheadActual  12: 131072 op, 253446.00 ns, 1.9336 ns/op
OverheadActual  13: 131072 op, 262844.00 ns, 2.0053 ns/op
OverheadActual  14: 131072 op, 353708.00 ns, 2.6986 ns/op
OverheadActual  15: 131072 op, 255179.00 ns, 1.9469 ns/op

OverheadWarmup   1: 131072 op, 252043.00 ns, 1.9229 ns/op
OverheadWarmup   2: 131072 op, 268415.00 ns, 2.0478 ns/op
OverheadWarmup   3: 131072 op, 252584.00 ns, 1.9271 ns/op
OverheadWarmup   4: 131072 op, 266982.00 ns, 2.0369 ns/op
OverheadWarmup   5: 131072 op, 317779.00 ns, 2.4245 ns/op
OverheadWarmup   6: 131072 op, 252855.00 ns, 1.9291 ns/op

// BeforeActualRun
WorkloadActual   1: 131072 op, 894724557.00 ns, 6.8262 us/op
WorkloadActual   2: 131072 op, 887948254.00 ns, 6.7745 us/op
WorkloadActual   3: 131072 op, 890077272.00 ns, 6.7908 us/op
WorkloadActual   4: 131072 op, 859934161.00 ns, 6.5608 us/op
WorkloadActual   5: 131072 op, 872694993.00 ns, 6.6581 us/op
WorkloadActual   6: 131072 op, 872334117.00 ns, 6.6554 us/op
WorkloadActual   7: 131072 op, 865540490.00 ns, 6.6035 us/op
WorkloadActual   8: 131072 op, 872702357.00 ns, 6.6582 us/op
WorkloadActual   9: 131072 op, 862974625.00 ns, 6.5840 us/op
WorkloadActual  10: 131072 op, 868331212.00 ns, 6.6248 us/op
WorkloadActual  11: 131072 op, 863786115.00 ns, 6.5902 us/op
WorkloadActual  12: 131072 op, 864947940.00 ns, 6.5990 us/op
WorkloadActual  13: 131072 op, 860407152.00 ns, 6.5644 us/op
WorkloadActual  14: 131072 op, 873264347.00 ns, 6.6625 us/op
WorkloadActual  15: 131072 op, 866193017.00 ns, 6.6085 us/op

// AfterActualRun
WorkloadResult   1: 131072 op, 859679683.00 ns, 6.5588 us/op
WorkloadResult   2: 131072 op, 872440515.00 ns, 6.6562 us/op
WorkloadResult   3: 131072 op, 872079639.00 ns, 6.6534 us/op
WorkloadResult   4: 131072 op, 865286012.00 ns, 6.6016 us/op
WorkloadResult   5: 131072 op, 872447879.00 ns, 6.6562 us/op
WorkloadResult   6: 131072 op, 862720147.00 ns, 6.5820 us/op
WorkloadResult   7: 131072 op, 868076734.00 ns, 6.6229 us/op
WorkloadResult   8: 131072 op, 863531637.00 ns, 6.5882 us/op
WorkloadResult   9: 131072 op, 864693462.00 ns, 6.5971 us/op
WorkloadResult  10: 131072 op, 860152674.00 ns, 6.5624 us/op
WorkloadResult  11: 131072 op, 873009869.00 ns, 6.6605 us/op
WorkloadResult  12: 131072 op, 865938539.00 ns, 6.6066 us/op
// GC:  50 2 0 2509242368 131072
// Threading:  0 0 131072

// AfterAll
// Benchmark Process 797679 has exited with code 0.

Mean = 6.612 μs, StdErr = 0.011 μs (0.16%), N = 12, StdDev = 0.037 μs
Min = 6.559 μs, Q1 = 6.587 μs, Median = 6.604 μs, Q3 = 6.654 μs, Max = 6.661 μs
IQR = 0.067 μs, LowerFence = 6.485 μs, UpperFence = 6.755 μs
ConfidenceInterval = [6.565 μs; 6.660 μs] (CI 99.9%), Margin = 0.048 μs (0.72% of Mean)
Skewness = 0.06, Kurtosis = 1.37, MValue = 2

// ** Remained 8 (80.0%) benchmark(s) to run. Estimated finish 2026-01-01 1:18 (0h 2m from now) **
// **************************
// Benchmark: Sorting.Sort_Original: DefaultJob [NumItems=1000]
// *** Execute ***
// Launch: 1 / 1
// Execute: dotnet NexusMods.Benchmarks-DefaultJob-1.dll --anonymousPipes 155 156 --benchmarkName "NexusMods.Benchmarks.Benchmarks.Sorting.Sort_Original(NumItems: 1000)" --job Default --benchmarkId 2 in /home/ryang/nexus-app/benchmarks/NexusMods.Benchmarks/bin/Release/net9.0/NexusMods.Benchmarks-DefaultJob-1/bin/Release/net9.0
// Failed to set up high priority (Permission denied). In order to run benchmarks with high priority, make sure you have the right permissions.
// BeforeAnythingElse

// Benchmark Process Environment Information:
// BenchmarkDotNet v0.15.2
// Runtime=.NET 9.0.11 (9.0.1125.51716), X64 RyuJIT AVX-512F+CD+BW+DQ+VL+VBMI
// GC=Concurrent Workstation
// HardwareIntrinsics=AVX-512F+CD+BW+DQ+VL+VBMI,AES,BMI1,BMI2,FMA,LZCNT,PCLMUL,POPCNT,AvxVnni VectorSize=256
// Job: DefaultJob

OverheadJitting  1: 1 op, 157622.00 ns, 157.6220 us/op
WorkloadJitting  1: 1 op, 23181000.00 ns, 23.1810 ms/op

OverheadJitting  2: 16 op, 359219.00 ns, 22.4512 us/op
WorkloadJitting  2: 16 op, 190832412.00 ns, 11.9270 ms/op

WorkloadPilot    1: 16 op, 191033987.00 ns, 11.9396 ms/op
WorkloadPilot    2: 32 op, 295343487.00 ns, 9.2295 ms/op
WorkloadPilot    3: 64 op, 460665672.00 ns, 7.1979 ms/op
WorkloadPilot    4: 128 op, 962724696.00 ns, 7.5213 ms/op

OverheadWarmup   1: 128 op, 2104.00 ns, 16.4375 ns/op
OverheadWarmup   2: 128 op, 391.00 ns, 3.0547 ns/op
OverheadWarmup   3: 128 op, 321.00 ns, 2.5078 ns/op
OverheadWarmup   4: 128 op, 321.00 ns, 2.5078 ns/op
OverheadWarmup   5: 128 op, 320.00 ns, 2.5000 ns/op
OverheadWarmup   6: 128 op, 701.00 ns, 5.4766 ns/op
OverheadWarmup   7: 128 op, 701.00 ns, 5.4766 ns/op

OverheadActual   1: 128 op, 671.00 ns, 5.2422 ns/op
OverheadActual   2: 128 op, 702.00 ns, 5.4844 ns/op
OverheadActual   3: 128 op, 702.00 ns, 5.4844 ns/op
OverheadActual   4: 128 op, 391.00 ns, 3.0547 ns/op
OverheadActual   5: 128 op, 672.00 ns, 5.2500 ns/op
OverheadActual   6: 128 op, 340.00 ns, 2.6563 ns/op
OverheadActual   7: 128 op, 521.00 ns, 4.0703 ns/op
OverheadActual   8: 128 op, 461.00 ns, 3.6016 ns/op
OverheadActual   9: 128 op, 331.00 ns, 2.5859 ns/op
OverheadActual  10: 128 op, 270.00 ns, 2.1094 ns/op
OverheadActual  11: 128 op, 300.00 ns, 2.3438 ns/op
OverheadActual  12: 128 op, 571.00 ns, 4.4609 ns/op
OverheadActual  13: 128 op, 351.00 ns, 2.7422 ns/op
OverheadActual  14: 128 op, 330.00 ns, 2.5781 ns/op
OverheadActual  15: 128 op, 300.00 ns, 2.3438 ns/op
OverheadActual  16: 128 op, 310.00 ns, 2.4219 ns/op
OverheadActual  17: 128 op, 331.00 ns, 2.5859 ns/op
OverheadActual  18: 128 op, 662.00 ns, 5.1719 ns/op
OverheadActual  19: 128 op, 361.00 ns, 2.8203 ns/op
OverheadActual  20: 128 op, 311.00 ns, 2.4297 ns/op

OverheadWarmup   1: 128 op, 631.00 ns, 4.9297 ns/op
OverheadWarmup   2: 128 op, 331.00 ns, 2.5859 ns/op
OverheadWarmup   3: 128 op, 341.00 ns, 2.6641 ns/op
OverheadWarmup   4: 128 op, 291.00 ns, 2.2734 ns/op
OverheadWarmup   5: 128 op, 370.00 ns, 2.8906 ns/op
OverheadWarmup   6: 128 op, 290.00 ns, 2.2656 ns/op

// BeforeActualRun
WorkloadActual   1: 128 op, 964613013.00 ns, 7.5360 ms/op
WorkloadActual   2: 128 op, 958473268.00 ns, 7.4881 ms/op
WorkloadActual   3: 128 op, 943984338.00 ns, 7.3749 ms/op
WorkloadActual   4: 128 op, 947521216.00 ns, 7.4025 ms/op
WorkloadActual   5: 128 op, 953171885.00 ns, 7.4467 ms/op
WorkloadActual   6: 128 op, 944882020.00 ns, 7.3819 ms/op
WorkloadActual   7: 128 op, 946515418.00 ns, 7.3947 ms/op
WorkloadActual   8: 128 op, 944502325.00 ns, 7.3789 ms/op
WorkloadActual   9: 128 op, 946278707.00 ns, 7.3928 ms/op
WorkloadActual  10: 128 op, 941465597.00 ns, 7.3552 ms/op
WorkloadActual  11: 128 op, 956010867.00 ns, 7.4688 ms/op
WorkloadActual  12: 128 op, 945928345.00 ns, 7.3901 ms/op
WorkloadActual  13: 128 op, 943282981.00 ns, 7.3694 ms/op
WorkloadActual  14: 128 op, 941254138.00 ns, 7.3535 ms/op
WorkloadActual  15: 128 op, 946195086.00 ns, 7.3921 ms/op

// AfterActualRun
WorkloadResult   1: 128 op, 958472912.00 ns, 7.4881 ms/op
WorkloadResult   2: 128 op, 943983982.00 ns, 7.3749 ms/op
WorkloadResult   3: 128 op, 947520860.00 ns, 7.4025 ms/op
WorkloadResult   4: 128 op, 953171529.00 ns, 7.4467 ms/op
WorkloadResult   5: 128 op, 944881664.00 ns, 7.3819 ms/op
WorkloadResult   6: 128 op, 946515062.00 ns, 7.3946 ms/op
WorkloadResult   7: 128 op, 944501969.00 ns, 7.3789 ms/op
WorkloadResult   8: 128 op, 946278351.00 ns, 7.3928 ms/op
WorkloadResult   9: 128 op, 941465241.00 ns, 7.3552 ms/op
WorkloadResult  10: 128 op, 956010511.00 ns, 7.4688 ms/op
WorkloadResult  11: 128 op, 945927989.00 ns, 7.3901 ms/op
WorkloadResult  12: 128 op, 943282625.00 ns, 7.3694 ms/op
WorkloadResult  13: 128 op, 941253782.00 ns, 7.3535 ms/op
WorkloadResult  14: 128 op, 946194730.00 ns, 7.3921 ms/op
// GC:  1 0 0 93881960 128
// Threading:  1818 576 128

// AfterAll
// Benchmark Process 799784 has exited with code 0.

Mean = 7.399 ms, StdErr = 0.011 ms (0.15%), N = 14, StdDev = 0.041 ms
Min = 7.354 ms, Q1 = 7.376 ms, Median = 7.391 ms, Q3 = 7.401 ms, Max = 7.488 ms
IQR = 0.025 ms, LowerFence = 7.339 ms, UpperFence = 7.438 ms
ConfidenceInterval = [7.353 ms; 7.445 ms] (CI 99.9%), Margin = 0.046 ms (0.62% of Mean)
Skewness = 0.97, Kurtosis = 2.64, MValue = 2

// ** Remained 7 (70.0%) benchmark(s) to run. Estimated finish 2026-01-01 1:18 (0h 2m from now) **
// **************************
// Benchmark: Sorting.Sort_Kahn: DefaultJob [NumItems=1000]
// *** Execute ***
// Launch: 1 / 1
// Execute: dotnet NexusMods.Benchmarks-DefaultJob-1.dll --anonymousPipes 155 156 --benchmarkName "NexusMods.Benchmarks.Benchmarks.Sorting.Sort_Kahn(NumItems: 1000)" --job Default --benchmarkId 3 in /home/ryang/nexus-app/benchmarks/NexusMods.Benchmarks/bin/Release/net9.0/NexusMods.Benchmarks-DefaultJob-1/bin/Release/net9.0
// Failed to set up high priority (Permission denied). In order to run benchmarks with high priority, make sure you have the right permissions.
// BeforeAnythingElse

// Benchmark Process Environment Information:
// BenchmarkDotNet v0.15.2
// Runtime=.NET 9.0.11 (9.0.1125.51716), X64 RyuJIT AVX-512F+CD+BW+DQ+VL+VBMI
// GC=Concurrent Workstation
// HardwareIntrinsics=AVX-512F+CD+BW+DQ+VL+VBMI,AES,BMI1,BMI2,FMA,LZCNT,PCLMUL,POPCNT,AvxVnni VectorSize=256
// Job: DefaultJob

OverheadJitting  1: 1 op, 198721.00 ns, 198.7210 us/op
WorkloadJitting  1: 1 op, 2261956.00 ns, 2.2620 ms/op

OverheadJitting  2: 16 op, 378856.00 ns, 23.6785 us/op
WorkloadJitting  2: 16 op, 7312318.00 ns, 457.0199 us/op

WorkloadPilot    1: 16 op, 1994884.00 ns, 124.6803 us/op
WorkloadPilot    2: 32 op, 3977815.00 ns, 124.3067 us/op
WorkloadPilot    3: 64 op, 5602400.00 ns, 87.5375 us/op
WorkloadPilot    4: 128 op, 10955252.00 ns, 85.5879 us/op
WorkloadPilot    5: 256 op, 21548710.00 ns, 84.1746 us/op
WorkloadPilot    6: 512 op, 40294184.00 ns, 78.6996 us/op
WorkloadPilot    7: 1024 op, 79794627.00 ns, 77.9244 us/op
WorkloadPilot    8: 2048 op, 128862131.00 ns, 62.9210 us/op
WorkloadPilot    9: 4096 op, 257849181.00 ns, 62.9515 us/op
WorkloadPilot   10: 8192 op, 514215678.00 ns, 62.7705 us/op

OverheadWarmup   1: 8192 op, 17744.00 ns, 2.1660 ns/op
OverheadWarmup   2: 8192 op, 16091.00 ns, 1.9642 ns/op
OverheadWarmup   3: 8192 op, 15961.00 ns, 1.9484 ns/op
OverheadWarmup   4: 8192 op, 15941.00 ns, 1.9459 ns/op
OverheadWarmup   5: 8192 op, 15820.00 ns, 1.9312 ns/op
OverheadWarmup   6: 8192 op, 15780.00 ns, 1.9263 ns/op
OverheadWarmup   7: 8192 op, 15841.00 ns, 1.9337 ns/op
OverheadWarmup   8: 8192 op, 15840.00 ns, 1.9336 ns/op
OverheadWarmup   9: 8192 op, 16201.00 ns, 1.9777 ns/op
OverheadWarmup  10: 8192 op, 15951.00 ns, 1.9471 ns/op

OverheadActual   1: 8192 op, 16131.00 ns, 1.9691 ns/op
OverheadActual   2: 8192 op, 16942.00 ns, 2.0681 ns/op
OverheadActual   3: 8192 op, 16221.00 ns, 1.9801 ns/op
OverheadActual   4: 8192 op, 16060.00 ns, 1.9604 ns/op
OverheadActual   5: 8192 op, 16231.00 ns, 1.9813 ns/op
OverheadActual   6: 8192 op, 15850.00 ns, 1.9348 ns/op
OverheadActual   7: 8192 op, 16291.00 ns, 1.9886 ns/op
OverheadActual   8: 8192 op, 15970.00 ns, 1.9495 ns/op
OverheadActual   9: 8192 op, 15971.00 ns, 1.9496 ns/op
OverheadActual  10: 8192 op, 16000.00 ns, 1.9531 ns/op
OverheadActual  11: 8192 op, 15980.00 ns, 1.9507 ns/op
OverheadActual  12: 8192 op, 16021.00 ns, 1.9557 ns/op
OverheadActual  13: 8192 op, 15991.00 ns, 1.9520 ns/op
OverheadActual  14: 8192 op, 15891.00 ns, 1.9398 ns/op
OverheadActual  15: 8192 op, 16191.00 ns, 1.9764 ns/op

OverheadWarmup   1: 8192 op, 16141.00 ns, 1.9703 ns/op
OverheadWarmup   2: 8192 op, 18496.00 ns, 2.2578 ns/op
OverheadWarmup   3: 8192 op, 15921.00 ns, 1.9435 ns/op
OverheadWarmup   4: 8192 op, 15891.00 ns, 1.9398 ns/op
OverheadWarmup   5: 8192 op, 15860.00 ns, 1.9360 ns/op
OverheadWarmup   6: 8192 op, 15841.00 ns, 1.9337 ns/op
OverheadWarmup   7: 8192 op, 15851.00 ns, 1.9349 ns/op
OverheadWarmup   8: 8192 op, 16191.00 ns, 1.9764 ns/op
OverheadWarmup   9: 8192 op, 16000.00 ns, 1.9531 ns/op

// BeforeActualRun
WorkloadActual   1: 8192 op, 518673332.00 ns, 63.3146 us/op
WorkloadActual   2: 8192 op, 515334551.00 ns, 62.9070 us/op
WorkloadActual   3: 8192 op, 521413464.00 ns, 63.6491 us/op
WorkloadActual   4: 8192 op, 517737976.00 ns, 63.2004 us/op
WorkloadActual   5: 8192 op, 517722075.00 ns, 63.1985 us/op
WorkloadActual   6: 8192 op, 517315615.00 ns, 63.1489 us/op
WorkloadActual   7: 8192 op, 531624133.00 ns, 64.8955 us/op
WorkloadActual   8: 8192 op, 541735234.00 ns, 66.1298 us/op
WorkloadActual   9: 8192 op, 519688511.00 ns, 63.4385 us/op
WorkloadActual  10: 8192 op, 522856081.00 ns, 63.8252 us/op
WorkloadActual  11: 8192 op, 516124727.00 ns, 63.0035 us/op
WorkloadActual  12: 8192 op, 515159946.00 ns, 62.8857 us/op
WorkloadActual  13: 8192 op, 512929469.00 ns, 62.6135 us/op
WorkloadActual  14: 8192 op, 514777441.00 ns, 62.8390 us/op
WorkloadActual  15: 8192 op, 515978452.00 ns, 62.9857 us/op

// AfterActualRun
WorkloadResult   1: 8192 op, 518657311.00 ns, 63.3127 us/op
WorkloadResult   2: 8192 op, 515318530.00 ns, 62.9051 us/op
WorkloadResult   3: 8192 op, 521397443.00 ns, 63.6471 us/op
WorkloadResult   4: 8192 op, 517721955.00 ns, 63.1985 us/op
WorkloadResult   5: 8192 op, 517706054.00 ns, 63.1965 us/op
WorkloadResult   6: 8192 op, 517299594.00 ns, 63.1469 us/op
WorkloadResult   7: 8192 op, 519672490.00 ns, 63.4366 us/op
WorkloadResult   8: 8192 op, 522840060.00 ns, 63.8232 us/op
WorkloadResult   9: 8192 op, 516108706.00 ns, 63.0016 us/op
WorkloadResult  10: 8192 op, 515143925.00 ns, 62.8838 us/op
WorkloadResult  11: 8192 op, 512913448.00 ns, 62.6115 us/op
WorkloadResult  12: 8192 op, 514761420.00 ns, 62.8371 us/op
WorkloadResult  13: 8192 op, 515962431.00 ns, 62.9837 us/op
// GC:  24 3 0 1250164736 8192
// Threading:  0 0 8192

// AfterAll
// Benchmark Process 802093 has exited with code 0.

Mean = 63.153 μs, StdErr = 0.094 μs (0.15%), N = 13, StdDev = 0.339 μs
Min = 62.612 μs, Q1 = 62.905 μs, Median = 63.147 μs, Q3 = 63.313 μs, Max = 63.823 μs
IQR = 0.408 μs, LowerFence = 62.294 μs, UpperFence = 63.924 μs
ConfidenceInterval = [62.746 μs; 63.559 μs] (CI 99.9%), Margin = 0.406 μs (0.64% of Mean)
Skewness = 0.43, Kurtosis = 2.18, MValue = 2

// ** Remained 6 (60.0%) benchmark(s) to run. Estimated finish 2026-01-01 1:17 (0h 1m from now) **
// **************************
// Benchmark: Sorting.Sort_Original: DefaultJob [NumItems=2000]
// *** Execute ***
// Launch: 1 / 1
// Execute: dotnet NexusMods.Benchmarks-DefaultJob-1.dll --anonymousPipes 155 156 --benchmarkName "NexusMods.Benchmarks.Benchmarks.Sorting.Sort_Original(NumItems: 2000)" --job Default --benchmarkId 4 in /home/ryang/nexus-app/benchmarks/NexusMods.Benchmarks/bin/Release/net9.0/NexusMods.Benchmarks-DefaultJob-1/bin/Release/net9.0
// Failed to set up high priority (Permission denied). In order to run benchmarks with high priority, make sure you have the right permissions.
// BeforeAnythingElse

// Benchmark Process Environment Information:
// BenchmarkDotNet v0.15.2
// Runtime=.NET 9.0.11 (9.0.1125.51716), X64 RyuJIT AVX-512F+CD+BW+DQ+VL+VBMI
// GC=Concurrent Workstation
// HardwareIntrinsics=AVX-512F+CD+BW+DQ+VL+VBMI,AES,BMI1,BMI2,FMA,LZCNT,PCLMUL,POPCNT,AvxVnni VectorSize=256
// Job: DefaultJob

OverheadJitting  1: 1 op, 148975.00 ns, 148.9750 us/op
WorkloadJitting  1: 1 op, 48207032.00 ns, 48.2070 ms/op

WorkloadPilot    1: 2 op, 69084314.00 ns, 34.5422 ms/op
WorkloadPilot    2: 3 op, 104108354.00 ns, 34.7028 ms/op
WorkloadPilot    3: 4 op, 142067871.00 ns, 35.5170 ms/op
WorkloadPilot    4: 5 op, 161597609.00 ns, 32.3195 ms/op
WorkloadPilot    5: 6 op, 175124039.00 ns, 29.1873 ms/op
WorkloadPilot    6: 7 op, 195386081.00 ns, 27.9123 ms/op
WorkloadPilot    7: 8 op, 219179623.00 ns, 27.3975 ms/op
WorkloadPilot    8: 9 op, 251011553.00 ns, 27.8902 ms/op
WorkloadPilot    9: 10 op, 276714805.00 ns, 27.6715 ms/op
WorkloadPilot   10: 11 op, 303402966.00 ns, 27.5821 ms/op
WorkloadPilot   11: 12 op, 335453717.00 ns, 27.9545 ms/op
WorkloadPilot   12: 13 op, 372288256.00 ns, 28.6376 ms/op
WorkloadPilot   13: 14 op, 401023831.00 ns, 28.6446 ms/op
WorkloadPilot   14: 15 op, 429041199.00 ns, 28.6027 ms/op
WorkloadPilot   15: 16 op, 458008488.00 ns, 28.6255 ms/op
WorkloadPilot   16: 32 op, 916968346.00 ns, 28.6553 ms/op

OverheadWarmup   1: 32 op, 1082.00 ns, 33.8125 ns/op
OverheadWarmup   2: 32 op, 431.00 ns, 13.4688 ns/op
OverheadWarmup   3: 32 op, 130.00 ns, 4.0625 ns/op
OverheadWarmup   4: 32 op, 130.00 ns, 4.0625 ns/op
OverheadWarmup   5: 32 op, 331.00 ns, 10.3438 ns/op
OverheadWarmup   6: 32 op, 371.00 ns, 11.5938 ns/op
OverheadWarmup   7: 32 op, 321.00 ns, 10.0313 ns/op
OverheadWarmup   8: 32 op, 331.00 ns, 10.3438 ns/op

// BeforeActualRun
WorkloadActual   1: 32 op, 920247849.00 ns, 28.7577 ms/op
WorkloadActual   2: 32 op, 916894208.00 ns, 28.6529 ms/op
WorkloadActual   3: 32 op, 918356037.00 ns, 28.6986 ms/op
WorkloadActual   4: 32 op, 918714281.00 ns, 28.7098 ms/op
WorkloadActual   5: 32 op, 917105504.00 ns, 28.6595 ms/op
WorkloadActual   6: 32 op, 913696796.00 ns, 28.5530 ms/op
WorkloadActual   7: 32 op, 917674879.00 ns, 28.6773 ms/op
WorkloadActual   8: 32 op, 917560898.00 ns, 28.6738 ms/op
WorkloadActual   9: 32 op, 919220004.00 ns, 28.7256 ms/op
WorkloadActual  10: 32 op, 916787218.00 ns, 28.6496 ms/op
WorkloadActual  11: 32 op, 914910528.00 ns, 28.5910 ms/op
WorkloadActual  12: 32 op, 920802459.00 ns, 28.7751 ms/op
WorkloadActual  13: 32 op, 918661512.00 ns, 28.7082 ms/op
WorkloadActual  14: 32 op, 917641334.00 ns, 28.6763 ms/op
WorkloadActual  15: 32 op, 912657477.00 ns, 28.5205 ms/op

// AfterActualRun
WorkloadResult   1: 32 op, 920247849.00 ns, 28.7577 ms/op
WorkloadResult   2: 32 op, 916894208.00 ns, 28.6529 ms/op
WorkloadResult   3: 32 op, 918356037.00 ns, 28.6986 ms/op
WorkloadResult   4: 32 op, 918714281.00 ns, 28.7098 ms/op
WorkloadResult   5: 32 op, 917105504.00 ns, 28.6595 ms/op
WorkloadResult   6: 32 op, 913696796.00 ns, 28.5530 ms/op
WorkloadResult   7: 32 op, 917674879.00 ns, 28.6773 ms/op
WorkloadResult   8: 32 op, 917560898.00 ns, 28.6738 ms/op
WorkloadResult   9: 32 op, 919220004.00 ns, 28.7256 ms/op
WorkloadResult  10: 32 op, 916787218.00 ns, 28.6496 ms/op
WorkloadResult  11: 32 op, 914910528.00 ns, 28.5910 ms/op
WorkloadResult  12: 32 op, 920802459.00 ns, 28.7751 ms/op
WorkloadResult  13: 32 op, 918661512.00 ns, 28.7082 ms/op
WorkloadResult  14: 32 op, 917641334.00 ns, 28.6763 ms/op
WorkloadResult  15: 32 op, 912657477.00 ns, 28.5205 ms/op
// GC:  0 0 0 44204512 32
// Threading:  2233 0 32

// AfterAll
// Benchmark Process 803431 has exited with code 0.

Mean = 28.669 ms, StdErr = 0.018 ms (0.06%), N = 15, StdDev = 0.070 ms
Min = 28.521 ms, Q1 = 28.651 ms, Median = 28.676 ms, Q3 = 28.709 ms, Max = 28.775 ms
IQR = 0.058 ms, LowerFence = 28.565 ms, UpperFence = 28.796 ms
ConfidenceInterval = [28.594 ms; 28.744 ms] (CI 99.9%), Margin = 0.075 ms (0.26% of Mean)
Skewness = -0.58, Kurtosis = 2.49, MValue = 2

// ** Remained 5 (50.0%) benchmark(s) to run. Estimated finish 2026-01-01 1:17 (0h 1m from now) **
// **************************
// Benchmark: Sorting.Sort_Kahn: DefaultJob [NumItems=2000]
// *** Execute ***
// Launch: 1 / 1
// Execute: dotnet NexusMods.Benchmarks-DefaultJob-1.dll --anonymousPipes 155 156 --benchmarkName "NexusMods.Benchmarks.Benchmarks.Sorting.Sort_Kahn(NumItems: 2000)" --job Default --benchmarkId 5 in /home/ryang/nexus-app/benchmarks/NexusMods.Benchmarks/bin/Release/net9.0/NexusMods.Benchmarks-DefaultJob-1/bin/Release/net9.0
// Failed to set up high priority (Permission denied). In order to run benchmarks with high priority, make sure you have the right permissions.
// BeforeAnythingElse

// Benchmark Process Environment Information:
// BenchmarkDotNet v0.15.2
// Runtime=.NET 9.0.11 (9.0.1125.51716), X64 RyuJIT AVX-512F+CD+BW+DQ+VL+VBMI
// GC=Concurrent Workstation
// HardwareIntrinsics=AVX-512F+CD+BW+DQ+VL+VBMI,AES,BMI1,BMI2,FMA,LZCNT,PCLMUL,POPCNT,AvxVnni VectorSize=256
// Job: DefaultJob

OverheadJitting  1: 1 op, 146701.00 ns, 146.7010 us/op
WorkloadJitting  1: 1 op, 1957062.00 ns, 1.9571 ms/op

OverheadJitting  2: 16 op, 351264.00 ns, 21.9540 us/op
WorkloadJitting  2: 16 op, 9096848.00 ns, 568.5530 us/op

WorkloadPilot    1: 16 op, 3230703.00 ns, 201.9189 us/op
WorkloadPilot    2: 32 op, 6084353.00 ns, 190.1360 us/op
WorkloadPilot    3: 64 op, 12194946.00 ns, 190.5460 us/op
WorkloadPilot    4: 128 op, 23943146.00 ns, 187.0558 us/op
WorkloadPilot    5: 256 op, 42525307.00 ns, 166.1145 us/op
WorkloadPilot    6: 512 op, 85249886.00 ns, 166.5037 us/op
WorkloadPilot    7: 1024 op, 143351472.00 ns, 139.9917 us/op
WorkloadPilot    8: 2048 op, 288890958.00 ns, 141.0600 us/op
WorkloadPilot    9: 4096 op, 572757021.00 ns, 139.8333 us/op

OverheadWarmup   1: 4096 op, 13376.00 ns, 3.2656 ns/op
OverheadWarmup   2: 4096 op, 11191.00 ns, 2.7322 ns/op
OverheadWarmup   3: 4096 op, 8437.00 ns, 2.0598 ns/op
OverheadWarmup   4: 4096 op, 12344.00 ns, 3.0137 ns/op
OverheadWarmup   5: 4096 op, 8105.00 ns, 1.9788 ns/op
OverheadWarmup   6: 4096 op, 8036.00 ns, 1.9619 ns/op
OverheadWarmup   7: 4096 op, 11943.00 ns, 2.9158 ns/op
OverheadWarmup   8: 4096 op, 8026.00 ns, 1.9595 ns/op

OverheadActual   1: 4096 op, 10580.00 ns, 2.5830 ns/op
OverheadActual   2: 4096 op, 11692.00 ns, 2.8545 ns/op
OverheadActual   3: 4096 op, 8466.00 ns, 2.0669 ns/op
OverheadActual   4: 4096 op, 8416.00 ns, 2.0547 ns/op
OverheadActual   5: 4096 op, 8446.00 ns, 2.0620 ns/op
OverheadActual   6: 4096 op, 8536.00 ns, 2.0840 ns/op
OverheadActual   7: 4096 op, 8386.00 ns, 2.0474 ns/op
OverheadActual   8: 4096 op, 8446.00 ns, 2.0620 ns/op
OverheadActual   9: 4096 op, 8656.00 ns, 2.1133 ns/op
OverheadActual  10: 4096 op, 8095.00 ns, 1.9763 ns/op
OverheadActual  11: 4096 op, 7986.00 ns, 1.9497 ns/op
OverheadActual  12: 4096 op, 8005.00 ns, 1.9543 ns/op
OverheadActual  13: 4096 op, 8036.00 ns, 1.9619 ns/op
OverheadActual  14: 4096 op, 8106.00 ns, 1.9790 ns/op
OverheadActual  15: 4096 op, 8076.00 ns, 1.9717 ns/op

OverheadWarmup   1: 4096 op, 8306.00 ns, 2.0278 ns/op
OverheadWarmup   2: 4096 op, 8416.00 ns, 2.0547 ns/op
OverheadWarmup   3: 4096 op, 8487.00 ns, 2.0720 ns/op
OverheadWarmup   4: 4096 op, 8096.00 ns, 1.9766 ns/op
OverheadWarmup   5: 4096 op, 8066.00 ns, 1.9692 ns/op
OverheadWarmup   6: 4096 op, 7935.00 ns, 1.9373 ns/op
OverheadWarmup   7: 4096 op, 8026.00 ns, 1.9595 ns/op
OverheadWarmup   8: 4096 op, 8045.00 ns, 1.9641 ns/op
OverheadWarmup   9: 4096 op, 8035.00 ns, 1.9617 ns/op

// BeforeActualRun
WorkloadActual   1: 4096 op, 587030612.00 ns, 143.3180 us/op
WorkloadActual   2: 4096 op, 579439199.00 ns, 141.4646 us/op
WorkloadActual   3: 4096 op, 568011101.00 ns, 138.6746 us/op
WorkloadActual   4: 4096 op, 574722836.00 ns, 140.3132 us/op
WorkloadActual   5: 4096 op, 567438440.00 ns, 138.5348 us/op
WorkloadActual   6: 4096 op, 567889807.00 ns, 138.6450 us/op
WorkloadActual   7: 4096 op, 569958770.00 ns, 139.1501 us/op
WorkloadActual   8: 4096 op, 571727770.00 ns, 139.5820 us/op
WorkloadActual   9: 4096 op, 570327264.00 ns, 139.2401 us/op
WorkloadActual  10: 4096 op, 572229049.00 ns, 139.7044 us/op
WorkloadActual  11: 4096 op, 574633737.00 ns, 140.2914 us/op
WorkloadActual  12: 4096 op, 567790508.00 ns, 138.6207 us/op
WorkloadActual  13: 4096 op, 566977138.00 ns, 138.4222 us/op
WorkloadActual  14: 4096 op, 567398083.00 ns, 138.5249 us/op
WorkloadActual  15: 4096 op, 568903458.00 ns, 138.8924 us/op

// AfterActualRun
WorkloadResult   1: 4096 op, 579430783.00 ns, 141.4626 us/op
WorkloadResult   2: 4096 op, 568002685.00 ns, 138.6725 us/op
WorkloadResult   3: 4096 op, 574714420.00 ns, 140.3111 us/op
WorkloadResult   4: 4096 op, 567430024.00 ns, 138.5327 us/op
WorkloadResult   5: 4096 op, 567881391.00 ns, 138.6429 us/op
WorkloadResult   6: 4096 op, 569950354.00 ns, 139.1480 us/op
WorkloadResult   7: 4096 op, 571719354.00 ns, 139.5799 us/op
WorkloadResult   8: 4096 op, 570318848.00 ns, 139.2380 us/op
WorkloadResult   9: 4096 op, 572220633.00 ns, 139.7023 us/op
WorkloadResult  10: 4096 op, 574625321.00 ns, 140.2894 us/op
WorkloadResult  11: 4096 op, 567782092.00 ns, 138.6187 us/op
WorkloadResult  12: 4096 op, 566968722.00 ns, 138.4201 us/op
WorkloadResult  13: 4096 op, 567389667.00 ns, 138.5229 us/op
WorkloadResult  14: 4096 op, 568895042.00 ns, 138.8904 us/op
// GC:  24 11 0 1250361344 4096
// Threading:  0 0 4096

// AfterAll
// Benchmark Process 805942 has exited with code 0.

Mean = 139.288 μs, StdErr = 0.239 μs (0.17%), N = 14, StdDev = 0.893 μs
Min = 138.420 μs, Q1 = 138.625 μs, Median = 139.019 μs, Q3 = 139.672 μs, Max = 141.463 μs
IQR = 1.047 μs, LowerFence = 137.054 μs, UpperFence = 141.242 μs
ConfidenceInterval = [138.281 μs; 140.295 μs] (CI 99.9%), Margin = 1.007 μs (0.72% of Mean)
Skewness = 1.01, Kurtosis = 2.95, MValue = 2

// ** Remained 4 (40.0%) benchmark(s) to run. Estimated finish 2026-01-01 1:17 (0h 1m from now) **
// **************************
// Benchmark: Sorting.Sort_Original: DefaultJob [NumItems=5000]
// *** Execute ***
// Launch: 1 / 1
// Execute: dotnet NexusMods.Benchmarks-DefaultJob-1.dll --anonymousPipes 155 156 --benchmarkName "NexusMods.Benchmarks.Benchmarks.Sorting.Sort_Original(NumItems: 5000)" --job Default --benchmarkId 6 in /home/ryang/nexus-app/benchmarks/NexusMods.Benchmarks/bin/Release/net9.0/NexusMods.Benchmarks-DefaultJob-1/bin/Release/net9.0
// Failed to set up high priority (Permission denied). In order to run benchmarks with high priority, make sure you have the right permissions.
// BeforeAnythingElse

// Benchmark Process Environment Information:
// BenchmarkDotNet v0.15.2
// Runtime=.NET 9.0.11 (9.0.1125.51716), X64 RyuJIT AVX-512F+CD+BW+DQ+VL+VBMI
// GC=Concurrent Workstation
// HardwareIntrinsics=AVX-512F+CD+BW+DQ+VL+VBMI,AES,BMI1,BMI2,FMA,LZCNT,PCLMUL,POPCNT,AvxVnni VectorSize=256
// Job: DefaultJob

OverheadJitting  1: 1 op, 145960.00 ns, 145.9600 us/op
WorkloadJitting  1: 1 op, 205601552.00 ns, 205.6016 ms/op

WorkloadPilot    1: 2 op, 423114677.00 ns, 211.5573 ms/op
WorkloadPilot    2: 3 op, 404944486.00 ns, 134.9815 ms/op
WorkloadPilot    3: 4 op, 505076776.00 ns, 126.2692 ms/op

OverheadWarmup   1: 4 op, 641.00 ns, 160.2500 ns/op
OverheadWarmup   2: 4 op, 60.00 ns, 15.0000 ns/op
OverheadWarmup   3: 4 op, 40.00 ns, 10.0000 ns/op
OverheadWarmup   4: 4 op, 30.00 ns, 7.5000 ns/op
OverheadWarmup   5: 4 op, 50.00 ns, 12.5000 ns/op
OverheadWarmup   6: 4 op, 40.00 ns, 10.0000 ns/op
OverheadWarmup   7: 4 op, 40.00 ns, 10.0000 ns/op
OverheadWarmup   8: 4 op, 601.00 ns, 150.2500 ns/op

// BeforeActualRun
WorkloadActual   1: 4 op, 492951423.00 ns, 123.2379 ms/op
WorkloadActual   2: 4 op, 496671622.00 ns, 124.1679 ms/op
WorkloadActual   3: 4 op, 496287185.00 ns, 124.0718 ms/op
WorkloadActual   4: 4 op, 488507511.00 ns, 122.1269 ms/op
WorkloadActual   5: 4 op, 483886994.00 ns, 120.9717 ms/op
WorkloadActual   6: 4 op, 499186280.00 ns, 124.7966 ms/op
WorkloadActual   7: 4 op, 493384368.00 ns, 123.3461 ms/op
WorkloadActual   8: 4 op, 508187902.00 ns, 127.0470 ms/op
WorkloadActual   9: 4 op, 507293999.00 ns, 126.8235 ms/op
WorkloadActual  10: 4 op, 496113696.00 ns, 124.0284 ms/op
WorkloadActual  11: 4 op, 494621826.00 ns, 123.6555 ms/op
WorkloadActual  12: 4 op, 491004902.00 ns, 122.7512 ms/op
WorkloadActual  13: 4 op, 503496025.00 ns, 125.8740 ms/op
WorkloadActual  14: 4 op, 509693033.00 ns, 127.4233 ms/op
WorkloadActual  15: 4 op, 507059975.00 ns, 126.7650 ms/op

// AfterActualRun
WorkloadResult   1: 4 op, 492951423.00 ns, 123.2379 ms/op
WorkloadResult   2: 4 op, 496671622.00 ns, 124.1679 ms/op
WorkloadResult   3: 4 op, 496287185.00 ns, 124.0718 ms/op
WorkloadResult   4: 4 op, 488507511.00 ns, 122.1269 ms/op
WorkloadResult   5: 4 op, 483886994.00 ns, 120.9717 ms/op
WorkloadResult   6: 4 op, 499186280.00 ns, 124.7966 ms/op
WorkloadResult   7: 4 op, 493384368.00 ns, 123.3461 ms/op
WorkloadResult   8: 4 op, 508187902.00 ns, 127.0470 ms/op
WorkloadResult   9: 4 op, 507293999.00 ns, 126.8235 ms/op
WorkloadResult  10: 4 op, 496113696.00 ns, 124.0284 ms/op
WorkloadResult  11: 4 op, 494621826.00 ns, 123.6555 ms/op
WorkloadResult  12: 4 op, 491004902.00 ns, 122.7512 ms/op
WorkloadResult  13: 4 op, 503496025.00 ns, 125.8740 ms/op
WorkloadResult  14: 4 op, 509693033.00 ns, 127.4233 ms/op
WorkloadResult  15: 4 op, 507059975.00 ns, 126.7650 ms/op
// GC:  1 0 0 61580888 4
// Threading:  46105 3 4

// AfterAll
// Benchmark Process 807337 has exited with code 0.

Mean = 124.472 ms, StdErr = 0.502 ms (0.40%), N = 15, StdDev = 1.942 ms
Min = 120.972 ms, Q1 = 123.292 ms, Median = 124.072 ms, Q3 = 126.320 ms, Max = 127.423 ms
IQR = 3.028 ms, LowerFence = 118.751 ms, UpperFence = 130.861 ms
ConfidenceInterval = [122.396 ms; 126.549 ms] (CI 99.9%), Margin = 2.076 ms (1.67% of Mean)
Skewness = 0.05, Kurtosis = 1.76, MValue = 2

// ** Remained 3 (30.0%) benchmark(s) to run. Estimated finish 2026-01-01 1:17 (0h 0m from now) **
// **************************
// Benchmark: Sorting.Sort_Kahn: DefaultJob [NumItems=5000]
// *** Execute ***
// Launch: 1 / 1
// Execute: dotnet NexusMods.Benchmarks-DefaultJob-1.dll --anonymousPipes 155 156 --benchmarkName "NexusMods.Benchmarks.Benchmarks.Sorting.Sort_Kahn(NumItems: 5000)" --job Default --benchmarkId 7 in /home/ryang/nexus-app/benchmarks/NexusMods.Benchmarks/bin/Release/net9.0/NexusMods.Benchmarks-DefaultJob-1/bin/Release/net9.0
// Failed to set up high priority (Permission denied). In order to run benchmarks with high priority, make sure you have the right permissions.
// BeforeAnythingElse

// Benchmark Process Environment Information:
// BenchmarkDotNet v0.15.2
// Runtime=.NET 9.0.11 (9.0.1125.51716), X64 RyuJIT AVX-512F+CD+BW+DQ+VL+VBMI
// GC=Concurrent Workstation
// HardwareIntrinsics=AVX-512F+CD+BW+DQ+VL+VBMI,AES,BMI1,BMI2,FMA,LZCNT,PCLMUL,POPCNT,AvxVnni VectorSize=256
// Job: DefaultJob

OverheadJitting  1: 1 op, 148084.00 ns, 148.0840 us/op
WorkloadJitting  1: 1 op, 5061532.00 ns, 5.0615 ms/op

OverheadJitting  2: 16 op, 342287.00 ns, 21.3929 us/op
WorkloadJitting  2: 16 op, 12556128.00 ns, 784.7580 us/op

WorkloadPilot    1: 16 op, 8891804.00 ns, 555.7378 us/op
WorkloadPilot    2: 32 op, 18125754.00 ns, 566.4298 us/op
WorkloadPilot    3: 64 op, 33085028.00 ns, 516.9536 us/op
WorkloadPilot    4: 128 op, 69916920.00 ns, 546.2259 us/op
WorkloadPilot    5: 256 op, 126015201.00 ns, 492.2469 us/op
WorkloadPilot    6: 512 op, 247595521.00 ns, 483.5850 us/op
WorkloadPilot    7: 1024 op, 506655616.00 ns, 494.7809 us/op

OverheadWarmup   1: 1024 op, 3596.00 ns, 3.5117 ns/op
OverheadWarmup   2: 1024 op, 2325.00 ns, 2.2705 ns/op
OverheadWarmup   3: 1024 op, 2315.00 ns, 2.2607 ns/op
OverheadWarmup   4: 1024 op, 2194.00 ns, 2.1426 ns/op
OverheadWarmup   5: 1024 op, 2174.00 ns, 2.1230 ns/op
OverheadWarmup   6: 1024 op, 3647.00 ns, 3.5615 ns/op
OverheadWarmup   7: 1024 op, 3256.00 ns, 3.1797 ns/op
OverheadWarmup   8: 1024 op, 3247.00 ns, 3.1709 ns/op
OverheadWarmup   9: 1024 op, 3266.00 ns, 3.1895 ns/op
OverheadWarmup  10: 1024 op, 3216.00 ns, 3.1406 ns/op

OverheadActual   1: 1024 op, 3617.00 ns, 3.5322 ns/op
OverheadActual   2: 1024 op, 3617.00 ns, 3.5322 ns/op
OverheadActual   3: 1024 op, 3627.00 ns, 3.5420 ns/op
OverheadActual   4: 1024 op, 3386.00 ns, 3.3066 ns/op
OverheadActual   5: 1024 op, 3557.00 ns, 3.4736 ns/op
OverheadActual   6: 1024 op, 3297.00 ns, 3.2197 ns/op
OverheadActual   7: 1024 op, 3266.00 ns, 3.1895 ns/op
OverheadActual   8: 1024 op, 3246.00 ns, 3.1699 ns/op
OverheadActual   9: 1024 op, 3246.00 ns, 3.1699 ns/op
OverheadActual  10: 1024 op, 3277.00 ns, 3.2002 ns/op
OverheadActual  11: 1024 op, 3266.00 ns, 3.1895 ns/op
OverheadActual  12: 1024 op, 3256.00 ns, 3.1797 ns/op
OverheadActual  13: 1024 op, 3247.00 ns, 3.1709 ns/op
OverheadActual  14: 1024 op, 3246.00 ns, 3.1699 ns/op
OverheadActual  15: 1024 op, 3266.00 ns, 3.1895 ns/op

OverheadWarmup   1: 1024 op, 3587.00 ns, 3.5029 ns/op
OverheadWarmup   2: 1024 op, 3297.00 ns, 3.2197 ns/op
OverheadWarmup   3: 1024 op, 3327.00 ns, 3.2490 ns/op
OverheadWarmup   4: 1024 op, 3246.00 ns, 3.1699 ns/op
OverheadWarmup   5: 1024 op, 4118.00 ns, 4.0215 ns/op
OverheadWarmup   6: 1024 op, 3326.00 ns, 3.2480 ns/op

// BeforeActualRun
WorkloadActual   1: 1024 op, 511060429.00 ns, 499.0825 us/op
WorkloadActual   2: 1024 op, 483842165.00 ns, 472.5021 us/op
WorkloadActual   3: 1024 op, 490657018.00 ns, 479.1572 us/op
WorkloadActual   4: 1024 op, 490318809.00 ns, 478.8270 us/op
WorkloadActual   5: 1024 op, 482669415.00 ns, 471.3569 us/op
WorkloadActual   6: 1024 op, 495195675.00 ns, 483.5895 us/op
WorkloadActual   7: 1024 op, 487494863.00 ns, 476.0692 us/op
WorkloadActual   8: 1024 op, 488976882.00 ns, 477.5165 us/op
WorkloadActual   9: 1024 op, 487977106.00 ns, 476.5401 us/op
WorkloadActual  10: 1024 op, 488738073.00 ns, 477.2833 us/op
WorkloadActual  11: 1024 op, 480648016.00 ns, 469.3828 us/op
WorkloadActual  12: 1024 op, 491660404.00 ns, 480.1371 us/op
WorkloadActual  13: 1024 op, 489059067.00 ns, 477.5967 us/op
WorkloadActual  14: 1024 op, 493888874.00 ns, 482.3134 us/op
WorkloadActual  15: 1024 op, 493634806.00 ns, 482.0652 us/op

// AfterActualRun
WorkloadResult   1: 1024 op, 483838899.00 ns, 472.4989 us/op
WorkloadResult   2: 1024 op, 490653752.00 ns, 479.1541 us/op
WorkloadResult   3: 1024 op, 490315543.00 ns, 478.8238 us/op
WorkloadResult   4: 1024 op, 482666149.00 ns, 471.3537 us/op
WorkloadResult   5: 1024 op, 495192409.00 ns, 483.5863 us/op
WorkloadResult   6: 1024 op, 487491597.00 ns, 476.0660 us/op
WorkloadResult   7: 1024 op, 488973616.00 ns, 477.5133 us/op
WorkloadResult   8: 1024 op, 487973840.00 ns, 476.5370 us/op
WorkloadResult   9: 1024 op, 488734807.00 ns, 477.2801 us/op
WorkloadResult  10: 1024 op, 480644750.00 ns, 469.3796 us/op
WorkloadResult  11: 1024 op, 491657138.00 ns, 480.1339 us/op
WorkloadResult  12: 1024 op, 489055801.00 ns, 477.5936 us/op
WorkloadResult  13: 1024 op, 493885608.00 ns, 482.3102 us/op
WorkloadResult  14: 1024 op, 493631540.00 ns, 482.0621 us/op
// GC:  44 44 44 801459520 1024
// Threading:  0 0 1024

// AfterAll
// Benchmark Process 808500 has exited with code 0.

Mean = 477.449 μs, StdErr = 1.110 μs (0.23%), N = 14, StdDev = 4.152 μs
Min = 469.380 μs, Q1 = 476.184 μs, Median = 477.553 μs, Q3 = 479.889 μs, Max = 483.586 μs
IQR = 3.705 μs, LowerFence = 470.626 μs, UpperFence = 485.447 μs
ConfidenceInterval = [472.765 μs; 482.134 μs] (CI 99.9%), Margin = 4.684 μs (0.98% of Mean)
Skewness = -0.4, Kurtosis = 2.09, MValue = 2

// ** Remained 2 (20.0%) benchmark(s) to run. Estimated finish 2026-01-01 1:17 (0h 0m from now) **
// **************************
// Benchmark: Sorting.Sort_Original: DefaultJob [NumItems=10000]
// *** Execute ***
// Launch: 1 / 1
// Execute: dotnet NexusMods.Benchmarks-DefaultJob-1.dll --anonymousPipes 155 156 --benchmarkName "NexusMods.Benchmarks.Benchmarks.Sorting.Sort_Original(NumItems: 10000)" --job Default --benchmarkId 8 in /home/ryang/nexus-app/benchmarks/NexusMods.Benchmarks/bin/Release/net9.0/NexusMods.Benchmarks-DefaultJob-1/bin/Release/net9.0
// Failed to set up high priority (Permission denied). In order to run benchmarks with high priority, make sure you have the right permissions.
// BeforeAnythingElse

// Benchmark Process Environment Information:
// BenchmarkDotNet v0.15.2
// Runtime=.NET 9.0.11 (9.0.1125.51716), X64 RyuJIT AVX-512F+CD+BW+DQ+VL+VBMI
// GC=Concurrent Workstation
// HardwareIntrinsics=AVX-512F+CD+BW+DQ+VL+VBMI,AES,BMI1,BMI2,FMA,LZCNT,PCLMUL,POPCNT,AvxVnni VectorSize=256
// Job: DefaultJob

OverheadJitting  1: 1 op, 145709.00 ns, 145.7090 us/op
WorkloadJitting  1: 1 op, 884124337.00 ns, 884.1243 ms/op

OverheadJitting  2: 1 op, 210.00 ns, 210.0000 ns/op
WorkloadJitting  2: 1 op, 897693093.00 ns, 897.6931 ms/op

OverheadWarmup   1: 1 op, 541.00 ns, 541.0000 ns/op
OverheadWarmup   2: 1 op, 211.00 ns, 211.0000 ns/op
OverheadWarmup   3: 1 op, 180.00 ns, 180.0000 ns/op
OverheadWarmup   4: 1 op, 70.00 ns, 70.0000 ns/op
OverheadWarmup   5: 1 op, 100.00 ns, 100.0000 ns/op
OverheadWarmup   6: 1 op, 91.00 ns, 91.0000 ns/op
OverheadWarmup   7: 1 op, 150.00 ns, 150.0000 ns/op
OverheadWarmup   8: 1 op, 70.00 ns, 70.0000 ns/op

// BeforeActualRun
WorkloadActual   1: 1 op, 618118853.00 ns, 618.1189 ms/op
WorkloadActual   2: 1 op, 606762011.00 ns, 606.7620 ms/op
WorkloadActual   3: 1 op, 628276640.00 ns, 628.2766 ms/op
WorkloadActual   4: 1 op, 592356166.00 ns, 592.3562 ms/op
WorkloadActual   5: 1 op, 581707033.00 ns, 581.7070 ms/op
WorkloadActual   6: 1 op, 595895739.00 ns, 595.8957 ms/op
WorkloadActual   7: 1 op, 613132817.00 ns, 613.1328 ms/op
WorkloadActual   8: 1 op, 604023946.00 ns, 604.0239 ms/op
WorkloadActual   9: 1 op, 605922024.00 ns, 605.9220 ms/op
WorkloadActual  10: 1 op, 590957639.00 ns, 590.9576 ms/op
WorkloadActual  11: 1 op, 588804892.00 ns, 588.8049 ms/op
WorkloadActual  12: 1 op, 605324885.00 ns, 605.3249 ms/op
WorkloadActual  13: 1 op, 615612654.00 ns, 615.6127 ms/op
WorkloadActual  14: 1 op, 590654243.00 ns, 590.6542 ms/op
WorkloadActual  15: 1 op, 584291686.00 ns, 584.2917 ms/op
WorkloadActual  16: 1 op, 593610668.00 ns, 593.6107 ms/op
WorkloadActual  17: 1 op, 597462199.00 ns, 597.4622 ms/op
WorkloadActual  18: 1 op, 580513050.00 ns, 580.5131 ms/op
WorkloadActual  19: 1 op, 605488442.00 ns, 605.4884 ms/op

// AfterActualRun
WorkloadResult   1: 1 op, 618118853.00 ns, 618.1189 ms/op
WorkloadResult   2: 1 op, 606762011.00 ns, 606.7620 ms/op
WorkloadResult   3: 1 op, 628276640.00 ns, 628.2766 ms/op
WorkloadResult   4: 1 op, 592356166.00 ns, 592.3562 ms/op
WorkloadResult   5: 1 op, 581707033.00 ns, 581.7070 ms/op
WorkloadResult   6: 1 op, 595895739.00 ns, 595.8957 ms/op
WorkloadResult   7: 1 op, 613132817.00 ns, 613.1328 ms/op
WorkloadResult   8: 1 op, 604023946.00 ns, 604.0239 ms/op
WorkloadResult   9: 1 op, 605922024.00 ns, 605.9220 ms/op
WorkloadResult  10: 1 op, 590957639.00 ns, 590.9576 ms/op
WorkloadResult  11: 1 op, 588804892.00 ns, 588.8049 ms/op
WorkloadResult  12: 1 op, 605324885.00 ns, 605.3249 ms/op
WorkloadResult  13: 1 op, 615612654.00 ns, 615.6127 ms/op
WorkloadResult  14: 1 op, 590654243.00 ns, 590.6542 ms/op
WorkloadResult  15: 1 op, 584291686.00 ns, 584.2917 ms/op
WorkloadResult  16: 1 op, 593610668.00 ns, 593.6107 ms/op
WorkloadResult  17: 1 op, 597462199.00 ns, 597.4622 ms/op
WorkloadResult  18: 1 op, 580513050.00 ns, 580.5131 ms/op
WorkloadResult  19: 1 op, 605488442.00 ns, 605.4884 ms/op
// GC:  0 0 0 47154240 1
// Threading:  57375 9 1

// AfterAll
// Benchmark Process 809759 has exited with code 0.

Mean = 599.943 ms, StdErr = 3.000 ms (0.50%), N = 19, StdDev = 13.076 ms
Min = 580.513 ms, Q1 = 590.806 ms, Median = 597.462 ms, Q3 = 606.342 ms, Max = 628.277 ms
IQR = 15.536 ms, LowerFence = 567.502 ms, UpperFence = 629.646 ms
ConfidenceInterval = [588.179 ms; 611.707 ms] (CI 99.9%), Margin = 11.764 ms (1.96% of Mean)
Skewness = 0.35, Kurtosis = 2.16, MValue = 2

// ** Remained 1 (10.0%) benchmark(s) to run. Estimated finish 2026-01-01 1:17 (0h 0m from now) **
// **************************
// Benchmark: Sorting.Sort_Kahn: DefaultJob [NumItems=10000]
// *** Execute ***
// Launch: 1 / 1
// Execute: dotnet NexusMods.Benchmarks-DefaultJob-1.dll --anonymousPipes 155 156 --benchmarkName "NexusMods.Benchmarks.Benchmarks.Sorting.Sort_Kahn(NumItems: 10000)" --job Default --benchmarkId 9 in /home/ryang/nexus-app/benchmarks/NexusMods.Benchmarks/bin/Release/net9.0/NexusMods.Benchmarks-DefaultJob-1/bin/Release/net9.0
// Failed to set up high priority (Permission denied). In order to run benchmarks with high priority, make sure you have the right permissions.
// BeforeAnythingElse

// Benchmark Process Environment Information:
// BenchmarkDotNet v0.15.2
// Runtime=.NET 9.0.11 (9.0.1125.51716), X64 RyuJIT AVX-512F+CD+BW+DQ+VL+VBMI
// GC=Concurrent Workstation
// HardwareIntrinsics=AVX-512F+CD+BW+DQ+VL+VBMI,AES,BMI1,BMI2,FMA,LZCNT,PCLMUL,POPCNT,AvxVnni VectorSize=256
// Job: DefaultJob

OverheadJitting  1: 1 op, 149256.00 ns, 149.2560 us/op
WorkloadJitting  1: 1 op, 5771723.00 ns, 5.7717 ms/op

OverheadJitting  2: 16 op, 345732.00 ns, 21.6083 us/op
WorkloadJitting  2: 16 op, 23287977.00 ns, 1.4555 ms/op

WorkloadPilot    1: 16 op, 23262670.00 ns, 1.4539 ms/op
WorkloadPilot    2: 32 op, 41782968.00 ns, 1.3057 ms/op
WorkloadPilot    3: 64 op, 81548049.00 ns, 1.2742 ms/op
WorkloadPilot    4: 128 op, 160255773.00 ns, 1.2520 ms/op
WorkloadPilot    5: 256 op, 303819490.00 ns, 1.1868 ms/op
WorkloadPilot    6: 512 op, 575097094.00 ns, 1.1232 ms/op

OverheadWarmup   1: 512 op, 2706.00 ns, 5.2852 ns/op
OverheadWarmup   2: 512 op, 1183.00 ns, 2.3105 ns/op
OverheadWarmup   3: 512 op, 1102.00 ns, 2.1523 ns/op
OverheadWarmup   4: 512 op, 1302.00 ns, 2.5430 ns/op
OverheadWarmup   5: 512 op, 1363.00 ns, 2.6621 ns/op
OverheadWarmup   6: 512 op, 1293.00 ns, 2.5254 ns/op
OverheadWarmup   7: 512 op, 1152.00 ns, 2.2500 ns/op
OverheadWarmup   8: 512 op, 1182.00 ns, 2.3086 ns/op
OverheadWarmup   9: 512 op, 1072.00 ns, 2.0938 ns/op

OverheadActual   1: 512 op, 1553.00 ns, 3.0332 ns/op
OverheadActual   2: 512 op, 1523.00 ns, 2.9746 ns/op
OverheadActual   3: 512 op, 1462.00 ns, 2.8555 ns/op
OverheadActual   4: 512 op, 1382.00 ns, 2.6992 ns/op
OverheadActual   5: 512 op, 1483.00 ns, 2.8965 ns/op
OverheadActual   6: 512 op, 1222.00 ns, 2.3867 ns/op
OverheadActual   7: 512 op, 1222.00 ns, 2.3867 ns/op
OverheadActual   8: 512 op, 1503.00 ns, 2.9355 ns/op
OverheadActual   9: 512 op, 1322.00 ns, 2.5820 ns/op
OverheadActual  10: 512 op, 1143.00 ns, 2.2324 ns/op
OverheadActual  11: 512 op, 1483.00 ns, 2.8965 ns/op
OverheadActual  12: 512 op, 1172.00 ns, 2.2891 ns/op
OverheadActual  13: 512 op, 1172.00 ns, 2.2891 ns/op
OverheadActual  14: 512 op, 1182.00 ns, 2.3086 ns/op
OverheadActual  15: 512 op, 1132.00 ns, 2.2109 ns/op
OverheadActual  16: 512 op, 1062.00 ns, 2.0742 ns/op
OverheadActual  17: 512 op, 1102.00 ns, 2.1523 ns/op
OverheadActual  18: 512 op, 1432.00 ns, 2.7969 ns/op
OverheadActual  19: 512 op, 1212.00 ns, 2.3672 ns/op
OverheadActual  20: 512 op, 1092.00 ns, 2.1328 ns/op

OverheadWarmup   1: 512 op, 1373.00 ns, 2.6816 ns/op
OverheadWarmup   2: 512 op, 1222.00 ns, 2.3867 ns/op
OverheadWarmup   3: 512 op, 1182.00 ns, 2.3086 ns/op
OverheadWarmup   4: 512 op, 1112.00 ns, 2.1719 ns/op
OverheadWarmup   5: 512 op, 1092.00 ns, 2.1328 ns/op
OverheadWarmup   6: 512 op, 1143.00 ns, 2.2324 ns/op
OverheadWarmup   7: 512 op, 1072.00 ns, 2.0938 ns/op
OverheadWarmup   8: 512 op, 1122.00 ns, 2.1914 ns/op
OverheadWarmup   9: 512 op, 1052.00 ns, 2.0547 ns/op

// BeforeActualRun
WorkloadActual   1: 512 op, 573398608.00 ns, 1.1199 ms/op
WorkloadActual   2: 512 op, 577667078.00 ns, 1.1283 ms/op
WorkloadActual   3: 512 op, 574473796.00 ns, 1.1220 ms/op
WorkloadActual   4: 512 op, 581484383.00 ns, 1.1357 ms/op
WorkloadActual   5: 512 op, 584479502.00 ns, 1.1416 ms/op
WorkloadActual   6: 512 op, 576908941.00 ns, 1.1268 ms/op
WorkloadActual   7: 512 op, 576883982.00 ns, 1.1267 ms/op
WorkloadActual   8: 512 op, 584499087.00 ns, 1.1416 ms/op
WorkloadActual   9: 512 op, 584674682.00 ns, 1.1419 ms/op
WorkloadActual  10: 512 op, 576893436.00 ns, 1.1267 ms/op
WorkloadActual  11: 512 op, 574533171.00 ns, 1.1221 ms/op
WorkloadActual  12: 512 op, 580987242.00 ns, 1.1347 ms/op
WorkloadActual  13: 512 op, 583708776.00 ns, 1.1401 ms/op
WorkloadActual  14: 512 op, 575446429.00 ns, 1.1239 ms/op
WorkloadActual  15: 512 op, 574378450.00 ns, 1.1218 ms/op

// AfterActualRun
WorkloadResult   1: 512 op, 573397386.00 ns, 1.1199 ms/op
WorkloadResult   2: 512 op, 577665856.00 ns, 1.1283 ms/op
WorkloadResult   3: 512 op, 574472574.00 ns, 1.1220 ms/op
WorkloadResult   4: 512 op, 581483161.00 ns, 1.1357 ms/op
WorkloadResult   5: 512 op, 584478280.00 ns, 1.1416 ms/op
WorkloadResult   6: 512 op, 576907719.00 ns, 1.1268 ms/op
WorkloadResult   7: 512 op, 576882760.00 ns, 1.1267 ms/op
WorkloadResult   8: 512 op, 584497865.00 ns, 1.1416 ms/op
WorkloadResult   9: 512 op, 584673460.00 ns, 1.1419 ms/op
WorkloadResult  10: 512 op, 576892214.00 ns, 1.1267 ms/op
WorkloadResult  11: 512 op, 574531949.00 ns, 1.1221 ms/op
WorkloadResult  12: 512 op, 580986020.00 ns, 1.1347 ms/op
WorkloadResult  13: 512 op, 583707554.00 ns, 1.1401 ms/op
WorkloadResult  14: 512 op, 575445207.00 ns, 1.1239 ms/op
WorkloadResult  15: 512 op, 574377228.00 ns, 1.1218 ms/op
// GC:  39 39 39 777042320 512
// Threading:  0 0 512

// AfterAll
// Benchmark Process 811228 has exited with code 0.

Mean = 1.130 ms, StdErr = 0.002 ms (0.19%), N = 15, StdDev = 0.008 ms
Min = 1.120 ms, Q1 = 1.123 ms, Median = 1.127 ms, Q3 = 1.138 ms, Max = 1.142 ms
IQR = 0.015 ms, LowerFence = 1.101 ms, UpperFence = 1.160 ms
ConfidenceInterval = [1.122 ms; 1.139 ms] (CI 99.9%), Margin = 0.009 ms (0.77% of Mean)
Skewness = 0.31, Kurtosis = 1.35, MValue = 2

// ** Remained 0 (0.0%) benchmark(s) to run. Estimated finish 2026-01-01 1:17 (0h 0m from now) **
// ***** BenchmarkRunner: Finish  *****

// * Export *
  BenchmarkDotNet.Artifacts/results/NexusMods.Benchmarks.Benchmarks.Sorting-report.csv
  BenchmarkDotNet.Artifacts/results/NexusMods.Benchmarks.Benchmarks.Sorting-report-github.md
  BenchmarkDotNet.Artifacts/results/NexusMods.Benchmarks.Benchmarks.Sorting-report.html

// * Detailed results *
Sorting.Sort_Original: DefaultJob [NumItems=100]
Runtime = .NET 9.0.11 (9.0.1125.51716), X64 RyuJIT AVX-512F+CD+BW+DQ+VL+VBMI; GC = Concurrent Workstation
Mean = 213.947 μs, StdErr = 1.056 μs (0.49%), N = 18, StdDev = 4.479 μs
Min = 206.932 μs, Q1 = 211.384 μs, Median = 213.244 μs, Q3 = 216.133 μs, Max = 224.279 μs
IQR = 4.750 μs, LowerFence = 204.259 μs, UpperFence = 223.258 μs
ConfidenceInterval = [209.761 μs; 218.132 μs] (CI 99.9%), Margin = 4.186 μs (1.96% of Mean)
Skewness = 0.5, Kurtosis = 2.75, MValue = 2
-------------------- Histogram --------------------
[204.689 μs ; 209.720 μs) | @@
[209.720 μs ; 214.206 μs) | @@@@@@@@@@
[214.206 μs ; 219.525 μs) | @@@@
[219.525 μs ; 224.882 μs) | @@
---------------------------------------------------

Sorting.Sort_Kahn: DefaultJob [NumItems=100]
Runtime = .NET 9.0.11 (9.0.1125.51716), X64 RyuJIT AVX-512F+CD+BW+DQ+VL+VBMI; GC = Concurrent Workstation
Mean = 6.612 μs, StdErr = 0.011 μs (0.16%), N = 12, StdDev = 0.037 μs
Min = 6.559 μs, Q1 = 6.587 μs, Median = 6.604 μs, Q3 = 6.654 μs, Max = 6.661 μs
IQR = 0.067 μs, LowerFence = 6.485 μs, UpperFence = 6.755 μs
ConfidenceInterval = [6.565 μs; 6.660 μs] (CI 99.9%), Margin = 0.048 μs (0.72% of Mean)
Skewness = 0.06, Kurtosis = 1.37, MValue = 2
-------------------- Histogram --------------------
[6.538 μs ; 6.668 μs) | @@@@@@@@@@@@
---------------------------------------------------

Sorting.Sort_Original: DefaultJob [NumItems=1000]
Runtime = .NET 9.0.11 (9.0.1125.51716), X64 RyuJIT AVX-512F+CD+BW+DQ+VL+VBMI; GC = Concurrent Workstation
Mean = 7.399 ms, StdErr = 0.011 ms (0.15%), N = 14, StdDev = 0.041 ms
Min = 7.354 ms, Q1 = 7.376 ms, Median = 7.391 ms, Q3 = 7.401 ms, Max = 7.488 ms
IQR = 0.025 ms, LowerFence = 7.339 ms, UpperFence = 7.438 ms
ConfidenceInterval = [7.353 ms; 7.445 ms] (CI 99.9%), Margin = 0.046 ms (0.62% of Mean)
Skewness = 0.97, Kurtosis = 2.64, MValue = 2
-------------------- Histogram --------------------
[7.331 ms ; 7.510 ms) | @@@@@@@@@@@@@@
---------------------------------------------------

Sorting.Sort_Kahn: DefaultJob [NumItems=1000]
Runtime = .NET 9.0.11 (9.0.1125.51716), X64 RyuJIT AVX-512F+CD+BW+DQ+VL+VBMI; GC = Concurrent Workstation
Mean = 63.153 μs, StdErr = 0.094 μs (0.15%), N = 13, StdDev = 0.339 μs
Min = 62.612 μs, Q1 = 62.905 μs, Median = 63.147 μs, Q3 = 63.313 μs, Max = 63.823 μs
IQR = 0.408 μs, LowerFence = 62.294 μs, UpperFence = 63.924 μs
ConfidenceInterval = [62.746 μs; 63.559 μs] (CI 99.9%), Margin = 0.406 μs (0.64% of Mean)
Skewness = 0.43, Kurtosis = 2.18, MValue = 2
-------------------- Histogram --------------------
[62.422 μs ; 64.013 μs) | @@@@@@@@@@@@@
---------------------------------------------------

Sorting.Sort_Original: DefaultJob [NumItems=2000]
Runtime = .NET 9.0.11 (9.0.1125.51716), X64 RyuJIT AVX-512F+CD+BW+DQ+VL+VBMI; GC = Concurrent Workstation
Mean = 28.669 ms, StdErr = 0.018 ms (0.06%), N = 15, StdDev = 0.070 ms
Min = 28.521 ms, Q1 = 28.651 ms, Median = 28.676 ms, Q3 = 28.709 ms, Max = 28.775 ms
IQR = 0.058 ms, LowerFence = 28.565 ms, UpperFence = 28.796 ms
ConfidenceInterval = [28.594 ms; 28.744 ms] (CI 99.9%), Margin = 0.075 ms (0.26% of Mean)
Skewness = -0.58, Kurtosis = 2.49, MValue = 2
-------------------- Histogram --------------------
[28.483 ms ; 28.812 ms) | @@@@@@@@@@@@@@@
---------------------------------------------------

Sorting.Sort_Kahn: DefaultJob [NumItems=2000]
Runtime = .NET 9.0.11 (9.0.1125.51716), X64 RyuJIT AVX-512F+CD+BW+DQ+VL+VBMI; GC = Concurrent Workstation
Mean = 139.288 μs, StdErr = 0.239 μs (0.17%), N = 14, StdDev = 0.893 μs
Min = 138.420 μs, Q1 = 138.625 μs, Median = 139.019 μs, Q3 = 139.672 μs, Max = 141.463 μs
IQR = 1.047 μs, LowerFence = 137.054 μs, UpperFence = 141.242 μs
ConfidenceInterval = [138.281 μs; 140.295 μs] (CI 99.9%), Margin = 1.007 μs (0.72% of Mean)
Skewness = 1.01, Kurtosis = 2.95, MValue = 2
-------------------- Histogram --------------------
[137.934 μs ; 141.949 μs) | @@@@@@@@@@@@@@
---------------------------------------------------

Sorting.Sort_Original: DefaultJob [NumItems=5000]
Runtime = .NET 9.0.11 (9.0.1125.51716), X64 RyuJIT AVX-512F+CD+BW+DQ+VL+VBMI; GC = Concurrent Workstation
Mean = 124.472 ms, StdErr = 0.502 ms (0.40%), N = 15, StdDev = 1.942 ms
Min = 120.972 ms, Q1 = 123.292 ms, Median = 124.072 ms, Q3 = 126.320 ms, Max = 127.423 ms
IQR = 3.028 ms, LowerFence = 118.751 ms, UpperFence = 130.861 ms
ConfidenceInterval = [122.396 ms; 126.549 ms] (CI 99.9%), Margin = 2.076 ms (1.67% of Mean)
Skewness = 0.05, Kurtosis = 1.76, MValue = 2
-------------------- Histogram --------------------
[119.938 ms ; 124.379 ms) | @@@@@@@@@
[124.379 ms ; 127.915 ms) | @@@@@@
---------------------------------------------------

Sorting.Sort_Kahn: DefaultJob [NumItems=5000]
Runtime = .NET 9.0.11 (9.0.1125.51716), X64 RyuJIT AVX-512F+CD+BW+DQ+VL+VBMI; GC = Concurrent Workstation
Mean = 477.449 μs, StdErr = 1.110 μs (0.23%), N = 14, StdDev = 4.152 μs
Min = 469.380 μs, Q1 = 476.184 μs, Median = 477.553 μs, Q3 = 479.889 μs, Max = 483.586 μs
IQR = 3.705 μs, LowerFence = 470.626 μs, UpperFence = 485.447 μs
ConfidenceInterval = [472.765 μs; 482.134 μs] (CI 99.9%), Margin = 4.684 μs (0.98% of Mean)
Skewness = -0.4, Kurtosis = 2.09, MValue = 2
-------------------- Histogram --------------------
[467.118 μs ; 485.848 μs) | @@@@@@@@@@@@@@
---------------------------------------------------

Sorting.Sort_Original: DefaultJob [NumItems=10000]
Runtime = .NET 9.0.11 (9.0.1125.51716), X64 RyuJIT AVX-512F+CD+BW+DQ+VL+VBMI; GC = Concurrent Workstation
Mean = 599.943 ms, StdErr = 3.000 ms (0.50%), N = 19, StdDev = 13.076 ms
Min = 580.513 ms, Q1 = 590.806 ms, Median = 597.462 ms, Q3 = 606.342 ms, Max = 628.277 ms
IQR = 15.536 ms, LowerFence = 567.502 ms, UpperFence = 629.646 ms
ConfidenceInterval = [588.179 ms; 611.707 ms] (CI 99.9%), Margin = 11.764 ms (1.96% of Mean)
Skewness = 0.35, Kurtosis = 2.16, MValue = 2
-------------------- Histogram --------------------
[574.081 ms ; 586.702 ms) | @@@
[586.702 ms ; 599.565 ms) | @@@@@@@
[599.565 ms ; 616.250 ms) | @@@@@@@
[616.250 ms ; 629.629 ms) | @@
---------------------------------------------------

Sorting.Sort_Kahn: DefaultJob [NumItems=10000]
Runtime = .NET 9.0.11 (9.0.1125.51716), X64 RyuJIT AVX-512F+CD+BW+DQ+VL+VBMI; GC = Concurrent Workstation
Mean = 1.130 ms, StdErr = 0.002 ms (0.19%), N = 15, StdDev = 0.008 ms
Min = 1.120 ms, Q1 = 1.123 ms, Median = 1.127 ms, Q3 = 1.138 ms, Max = 1.142 ms
IQR = 0.015 ms, LowerFence = 1.101 ms, UpperFence = 1.160 ms
ConfidenceInterval = [1.122 ms; 1.139 ms] (CI 99.9%), Margin = 0.009 ms (0.77% of Mean)
Skewness = 0.31, Kurtosis = 1.35, MValue = 2
-------------------- Histogram --------------------
[1.116 ms ; 1.146 ms) | @@@@@@@@@@@@@@@
---------------------------------------------------

// * Summary *

BenchmarkDotNet v0.15.2, Linux CachyOS
AMD Ryzen 7 9800X3D 5.27GHz, 1 CPU, 16 logical and 8 physical cores
.NET SDK 10.0.100
  [Host]     : .NET 9.0.11 (9.0.1125.51716), X64 RyuJIT AVX-512F+CD+BW+DQ+VL+VBMI
  DefaultJob : .NET 9.0.11 (9.0.1125.51716), X64 RyuJIT AVX-512F+CD+BW+DQ+VL+VBMI


| Method        | NumItems | Mean           | Error          | StdDev         | Ratio | RatioSD | Gen0     | Gen1    | Gen2    | Allocated   | Alloc Ratio |
|-------------- |--------- |---------------:|---------------:|---------------:|------:|--------:|---------:|--------:|--------:|------------:|------------:|
| Sort_Original | 100      |     213.947 μs |      4.1859 μs |      4.4788 μs |  1.00 |    0.03 |   3.1738 |  0.2441 |       - |   153.16 KB |        1.00 |
| Sort_Kahn     | 100      |       6.612 μs |      0.0476 μs |      0.0372 μs |  0.03 |    0.00 |   0.3815 |  0.0153 |       - |     18.7 KB |        0.12 |
|               |          |                |                |                |       |         |          |         |         |             |             |
| Sort_Original | 1000     |   7,399.253 μs |     45.7854 μs |     40.5876 μs | 1.000 |    0.01 |   7.8125 |       - |       - |   716.26 KB |        1.00 |
| Sort_Kahn     | 1000     |      63.153 μs |      0.4064 μs |      0.3393 μs | 0.009 |    0.00 |   2.9297 |  0.3662 |       - |   149.03 KB |        0.21 |
|               |          |                |                |                |       |         |          |         |         |             |             |
| Sort_Original | 2000     |  28,668.606 μs |     74.9757 μs |     70.1323 μs | 1.000 |    0.00 |        - |       - |       - |  1349.01 KB |        1.00 |
| Sort_Kahn     | 2000     |     139.288 μs |      1.0074 μs |      0.8930 μs | 0.005 |    0.00 |   5.8594 |  2.6855 |       - |   298.11 KB |        0.22 |
|               |          |                |                |                |       |         |          |         |         |             |             |
| Sort_Original | 5000     | 124,472.446 μs |  2,076.4895 μs |  1,942.3495 μs | 1.000 |    0.02 | 250.0000 |       - |       - |  15034.4 KB |        1.00 |
| Sort_Kahn     | 5000     |     477.449 μs |      4.6842 μs |      4.1524 μs | 0.004 |    0.00 |  42.9688 | 42.9688 | 42.9688 |   764.33 KB |        0.05 |
|               |          |                |                |                |       |         |          |         |         |             |             |
| Sort_Original | 10000    | 599,942.926 μs | 11,764.1537 μs | 13,075.8257 μs | 1.000 |    0.03 |        - |       - |       - | 46049.06 KB |        1.00 |
| Sort_Kahn     | 10000    |   1,130.260 μs |      8.7210 μs |      8.1576 μs | 0.002 |    0.00 |  76.1719 | 76.1719 | 76.1719 |  1482.09 KB |        0.03 |

// * Hints *
Outliers
  Sorting.Sort_Original: Default -> 1 outlier  was  removed (229.08 μs)
  Sorting.Sort_Kahn: Default     -> 3 outliers were removed (6.77 μs..6.83 μs)
  Sorting.Sort_Original: Default -> 1 outlier  was  removed (7.54 ms)
  Sorting.Sort_Kahn: Default     -> 2 outliers were removed (64.90 μs, 66.13 μs)
  Sorting.Sort_Original: Default -> 2 outliers were detected (28.52 ms, 28.55 ms)
  Sorting.Sort_Kahn: Default     -> 1 outlier  was  removed (143.32 μs)
  Sorting.Sort_Kahn: Default     -> 1 outlier  was  removed (499.08 μs)

// * Legends *
  NumItems    : Value of the 'NumItems' parameter
  Mean        : Arithmetic mean of all measurements
  Error       : Half of 99.9% confidence interval
  StdDev      : Standard deviation of all measurements
  Ratio       : Mean of the ratio distribution ([Current]/[Baseline])
  RatioSD     : Standard deviation of the ratio distribution ([Current]/[Baseline])
  Gen0        : GC Generation 0 collects per 1000 operations
  Gen1        : GC Generation 1 collects per 1000 operations
  Gen2        : GC Generation 2 collects per 1000 operations
  Allocated   : Allocated memory per single operation (managed only, inclusive, 1KB = 1024B)
  Alloc Ratio : Allocated memory ratio distribution ([Current]/[Baseline])
  1 μs        : 1 Microsecond (0.000001 sec)

// * Diagnostic Output - MemoryDiagnoser *


// ***** BenchmarkRunner: End *****
Run time: 00:02:16 (136.35 sec), executed benchmarks: 10

Global total time: 00:03:48 (228.36 sec), executed benchmarks: 10
// * Artifacts cleanup *
Artifacts cleanup is finished
